deadEnd
| alamofire.swift:469:9:469:9 | stream |
| alamofire.swift:484:9:484:9 | stream |
| alamofire.swift:499:9:499:9 | stream |
| alamofire.swift:514:9:514:9 | stream |
